ℹ Loading chemCal
ℹ Testing chemCal
✔ | F W S  OK | Context
✔ |        16 | Compare with investr::calibrate
✔ |         5 | Known results for the dataset provided in DIN 32645
✔ |        15 | Inverse predictions
✔ |         8 | LOD and LOQ
✔ |        10 | Known results for the example datasets provided by Massart (1997)

══ Results ═════════════════════════════════════════════════════════════════════
Duration: 0.3 s

[ FAIL 0 | WARN 0 | SKIP 0 | PASS 54 ]
